Enumerating polyominoes up to n=16 ...
Done in 2189.0s. Rectangles gcd-checked: 27, violations: 0
Scaling law L(2P)=2L(P): checked 56 shapes, violations: 0

n | free polyominoes (OEIS ok?) | fixed (ok?) | L distribution L:count | prime % (L=1) | mean L | max L
--|--|--|--|--|--|--
1 | 1 ✓ | 1 ✓ | 1:1 | 100.00% | 1.000 | 1
2 | 1 ✓ | 2 ✓ | 1:1 | 100.00% | 1.000 | 1
3 | 2 ✓ | 6 ✓ | 1:2 | 100.00% | 1.000 | 1
4 | 5 ✓ | 19 ✓ | 1:4 2:1 | 80.00% | 1.200 | 2
5 | 12 ✓ | 63 ✓ | 1:11 2:1 | 91.67% | 1.083 | 2
6 | 35 ✓ | 216 ✓ | 1:28 2:7 | 80.00% | 1.200 | 2
7 | 108 ✓ | 760 ✓ | 1:86 2:21 3:1 | 79.63% | 1.213 | 3
8 | 369 ✓ | 2725 ✓ | 1:273 2:93 3:3 | 73.98% | 1.268 | 3
9 | 1285 ✓ | 9910 ✓ | 1:915 2:348 3:22 | 71.21% | 1.305 | 3
10 | 4655 ✓ | 36446 ✓ | 1:3126 2:1426 3:102 4:1 | 67.15% | 1.351 | 4
11 | 17073 ✓ | 135268 ✓ | 1:10948 2:5577 3:544 4:4 | 64.12% | 1.391 | 4
12 | 63600 ✓ | 505861 ✓ | 1:38782 2:22142 3:2630 4:46 | 60.98% | 1.433 | 4
13 | 238591 ✓ | 1903890 ✓ | 1:138719 2:87006 3:12549 4:316 5:1 | 58.14% | 1.474 | 5
14 | 901971 ✓ | 7204874 ✓ | 1:499351 2:342659 3:57797 4:2157 5:7 | 55.36% | 1.515 | 5
15 | 3426576 ✓ | 27394666 ✓ | 1:1808081 2:1343606 3:261901 4:12896 5:92 | 52.77% | 1.556 | 5
16 | 13079255 ✓ | 104592937 ✓ | 1:6576500 2:5264430 3:1164267 4:73226 5:831 6:1 | 50.28% | 1.598 | 6
All OEIS counts match.

Max-L witness shapes (first found per size):
n=1 L=1
#
n=2 L=1
#
#
n=3 L=1
#
#
#
n=4 L=2
##
##
n=5 L=2
##
##
#.
n=6 L=2
##
##
#.
#.
n=7 L=3
##.
###
.##
n=8 L=3
##.
###
.##
.#.
n=9 L=3
##.
###
.##
.#.
.#.
n=10 L=4
##..
###.
.###
..##
n=11 L=4
##.
###
.##
##.
##.
n=12 L=4
##.
###
.##
##.
##.
.#.
n=13 L=5
##...
###..
.###.
..###
...##
n=14 L=5
##.
###
.##
##.
###
.##
n=15 L=5
##.
###
.##
##.
###
.##
.#.
n=16 L=6
##....
###...
.###..
..###.
...###
....##
Wrote scripts/artifacts/polyomino-loops-16.json
